Archive member included because of file (symbol)

d:/lime/projects/lms8001/pcb/mcu/stm/stm32toolchain/gnu-arm/4_9-2015q3/4.9 2015q3/bin/../lib/gcc/arm-none-eabi/4.9.3/../../../../arm-none-eabi/lib/armv7-m\libg_nano.a(lib_a-errno.o)
                              ./system/src/newlib/_sbrk.o (__errno)
d:/lime/projects/lms8001/pcb/mcu/stm/stm32toolchain/gnu-arm/4_9-2015q3/4.9 2015q3/bin/../lib/gcc/arm-none-eabi/4.9.3/../../../../arm-none-eabi/lib/armv7-m\libg_nano.a(lib_a-impure.o)
                              d:/lime/projects/lms8001/pcb/mcu/stm/stm32toolchain/gnu-arm/4_9-2015q3/4.9 2015q3/bin/../lib/gcc/arm-none-eabi/4.9.3/../../../../arm-none-eabi/lib/armv7-m\libg_nano.a(lib_a-errno.o) (_impure_ptr)
d:/lime/projects/lms8001/pcb/mcu/stm/stm32toolchain/gnu-arm/4_9-2015q3/4.9 2015q3/bin/../lib/gcc/arm-none-eabi/4.9.3/../../../../arm-none-eabi/lib/armv7-m\libg_nano.a(lib_a-memset.o)
                              ./src/main.o (memset)

Allocating common symbols
Common symbol       size              file

adc_val             0x4               ./src/main.o
block               0x1               ./src/main.o
SET_TEST_MODE       0x4               ./system/src/STM32_USB-OTG-Device_Driver/usbd_core.o
rx_buff             0x40              ./src/main.o
errno               0x4               ./system/src/newlib/_syscalls.o
MCU_retries         0x1               ./src/main.o
Receive_length      0x4               ./src/usbd_cdc_vcp.o
LED_timeout         0xc               ./src/main.o
adc_vals            0x80              ./src/main.o
USB_V_old           0x1               ./src/main.o
MCU_mode            0x1               ./src/main.o
current_portion     0x1               ./src/main.o
usbd_cdc_OtherCfgDesc
                    0x43              ./system/src/STM32_USB-OTG-Device_Driver/usbd_cdc_core.o
Receive_Buffer      0x40              ./src/usbd_cdc_vcp.o
USB_Rx_Buffer       0x40              ./system/src/STM32_USB-OTG-Device_Driver/usbd_cdc_core.o
count               0x1               ./src/main.o
USART_InitStructure
                    0x10              ./src/usbd_cdc_vcp.o
CmdBuff             0x8               ./system/src/STM32_USB-OTG-Device_Driver/usbd_cdc_core.o
tx_buff             0x40              ./src/main.o
USB_OTG_dev         0x5f4             ./src/main.o
APP_Rx_Buffer       0x800             ./system/src/STM32_USB-OTG-Device_Driver/usbd_cdc_core.o
cmd_errors          0x1               ./src/main.o
USB_V_new           0x1               ./src/main.o
Send_Buffer         0x40              ./src/main.o
USBD_StrDesc        0xff              ./system/src/STM32_USB-OTG-Device_Driver/usbd_req.o
temp_status         0x1               ./src/main.o
reg_idx             0x1               ./src/main.o

Discarded input sections

 .group         0x00000000        0x8 ./system/src/stm32f1-stdperiph/misc.o
 .group         0x00000000        0x8 ./system/src/stm32f1-stdperiph/misc.o
 .group         0x00000000        0x8 ./system/src/stm32f1-stdperiph/misc.o
 .group         0x00000000        0x8 ./system/src/stm32f1-stdperiph/misc.o
 .group         0x00000000        0x8 ./system/src/stm32f1-stdperiph/misc.o
 .group         0x00000000        0x8 ./system/src/stm32f1-stdperiph/misc.o
 .group         0x00000000        0x8 ./system/src/stm32f1-stdperiph/misc.o
 .group         0x00000000        0x8 ./system/src/stm32f1-stdperiph/misc.o
 .group         0x00000000        0x8 ./system/src/stm32f1-stdperiph/misc.o
 .group         0x00000000        0x8 ./system/src/stm32f1-stdperiph/misc.o
 .group         0x00000000        0x8 ./system/src/stm32f1-stdperiph/misc.o
 .group         0x00000000        0x8 ./system/src/stm32f1-stdperiph/misc.o
 .group         0x00000000        0x8 ./system/src/stm32f1-stdperiph/misc.o
 .group         0x00000000        0x8 ./system/src/stm32f1-stdperiph/misc.o
 .group         0x00000000        0x8 ./system/src/stm32f1-stdperiph/misc.o
 .group         0x00000000        0x8 ./system/src/stm32f1-stdperiph/misc.o
 .group         0x00000000        0x8 ./system/src/stm32f1-stdperiph/misc.o
 .group         0x00000000        0x8 ./system/src/stm32f1-stdperiph/misc.o
 .group         0x00000000        0x8 ./system/src/stm32f1-stdperiph/misc.o
 .group         0x00000000        0x8 ./system/src/stm32f1-stdperiph/misc.o
 .group         0x00000000        0x8 ./system/src/stm32f1-stdperiph/misc.o
 .group         0x00000000        0x8 ./system/src/stm32f1-stdperiph/misc.o
 .group         0x00000000        0x8 ./system/src/stm32f1-stdperiph/misc.o
 .group         0x00000000        0x8 ./system/src/stm32f1-stdperiph/misc.o
 .group         0x00000000        0x8 ./system/src/stm32f1-stdperiph/misc.o
 .group         0x00000000        0x8 ./system/src/stm32f1-stdperiph/misc.o
 .group         0x00000000        0x8 ./system/src/stm32f1-stdperiph/misc.o
 .group         0x00000000        0x8 ./system/src/stm32f1-stdperiph/misc.o
[...]
Memory Configuration

Name             Origin             Length             Attributes
RAM              0x20000000         0x00010000         xrw
CCMRAM           0x00000000         0x00000000         xrw
FLASH            0x08000000         0x00020000         xr
FLASHB1          0x00000000         0x00000000         xr
EXTMEMB0         0x00000000         0x00000000         xr
EXTMEMB1         0x00000000         0x00000000         xr
EXTMEMB2         0x00000000         0x00000000         xr
EXTMEMB3         0x00000000         0x00000000         xr
MEMORY_ARRAY     0x00000000         0x00000000         xrw
*default*        0x00000000         0xffffffff

Linker script and memory map

LOAD ./system/src/stm32f1-stdperiph/misc.o
LOAD ./system/src/stm32f1-stdperiph/stm32f10x_adc.o
LOAD ./system/src/stm32f1-stdperiph/stm32f10x_exti.o
LOAD ./system/src/stm32f1-stdperiph/stm32f10x_gpio.o
LOAD ./system/src/stm32f1-stdperiph/stm32f10x_i2c.o
LOAD ./system/src/stm32f1-stdperiph/stm32f10x_rcc.o
LOAD ./system/src/stm32f1-stdperiph/stm32f10x_spi.o
LOAD ./system/src/newlib/_cxx.o
LOAD ./system/src/newlib/_exit.o
LOAD ./system/src/newlib/_sbrk.o
LOAD ./system/src/newlib/_startup.o
LOAD ./system/src/newlib/_syscalls.o
LOAD ./system/src/newlib/assert.o
LOAD ./system/src/diag/Trace.o
LOAD ./system/src/diag/trace_impl.o
LOAD ./system/src/cortexm/_initialize_hardware.o
LOAD ./system/src/cortexm/_reset_hardware.o
LOAD ./system/src/cortexm/exception_handlers.o
LOAD ./system/src/cmsis/system_stm32f10x.o
LOAD ./system/src/cmsis/vectors_stm32f10x.o
LOAD ./system/src/STM32_USB-OTG-Device_Driver/usb_core.o
LOAD ./system/src/STM32_USB-OTG-Device_Driver/usb_dcd.o
LOAD ./system/src/STM32_USB-OTG-Device_Driver/usb_dcd_int.o
LOAD ./system/src/STM32_USB-OTG-Device_Driver/usbd_cdc_core.o
LOAD ./system/src/STM32_USB-OTG-Device_Driver/usbd_core.o
LOAD ./system/src/STM32_USB-OTG-Device_Driver/usbd_ioreq.o
LOAD ./system/src/STM32_USB-OTG-Device_Driver/usbd_req.o
LOAD ./src/_write.o
LOAD ./src/i2csw.o
LOAD ./src/main.o
LOAD ./src/stm32fxxx_it.o
LOAD ./src/usb_bsp.o
LOAD ./src/usbd_cdc_vcp.o
LOAD ./src/usbd_desc.o
LOAD ./src/usbd_usr.o
LOAD d:/lime/projects/lms8001/pcb/mcu/stm/stm32toolchain/gnu-arm/4_9-2015q3/4.9 2015q3/bin/../lib/gcc/arm-none-eabi/4.9.3/../../../../arm-none-eabi/lib/armv7-m\libstdc++_nano.a
LOAD d:/lime/projects/lms8001/pcb/mcu/stm/stm32toolchain/gnu-arm/4_9-2015q3/4.9 2015q3/bin/../lib/gcc/arm-none-eabi/4.9.3/../../../../arm-none-eabi/lib/armv7-m\libm.a
START GROUP
LOAD d:/lime/projects/lms8001/pcb/mcu/stm/stm32toolchain/gnu-arm/4_9-2015q3/4.9 2015q3/bin/../lib/gcc/arm-none-eabi/4.9.3/armv7-m\libgcc.a
LOAD d:/lime/projects/lms8001/pcb/mcu/stm/stm32toolchain/gnu-arm/4_9-2015q3/4.9 2015q3/bin/../lib/gcc/arm-none-eabi/4.9.3/../../../../arm-none-eabi/lib/armv7-m\libg_nano.a
LOAD d:/lime/projects/lms8001/pcb/mcu/stm/stm32toolchain/gnu-arm/4_9-2015q3/4.9 2015q3/bin/../lib/gcc/arm-none-eabi/4.9.3/../../../../arm-none-eabi/lib/armv7-m\libc_nano.a
END GROUP
START GROUP
LOAD d:/lime/projects/lms8001/pcb/mcu/stm/stm32toolchain/gnu-arm/4_9-2015q3/4.9 2015q3/bin/../lib/gcc/arm-none-eabi/4.9.3/armv7-m\libgcc.a
LOAD d:/lime/projects/lms8001/pcb/mcu/stm/stm32toolchain/gnu-arm/4_9-2015q3/4.9 2015q3/bin/../lib/gcc/arm-none-eabi/4.9.3/../../../../arm-none-eabi/lib/armv7-m\libc_nano.a
END GROUP
                0x20010000                __stack = (ORIGIN (RAM) + 0x10000)
                0x20010000                _estack = __stack
                0x00000400                __Main_Stack_Size = 0x400
                0x00000400                PROVIDE (_Main_Stack_Size, __Main_Stack_Size)
                0x2000fc00                __Main_Stack_Limit = (__stack - __Main_Stack_Size)
                0x2000fc00                PROVIDE (_Main_Stack_Limit, __Main_Stack_Limit)
                0x00000100                _Minimum_Stack_Size = 0x100
                0x200012c0                PROVIDE (_Heap_Begin, _end_noinit)
                0x2000fc00                PROVIDE (_Heap_Limit, (__stack - __Main_Stack_Size))

.isr_vector     0x08000000      0x370
                0x08000000                . = ALIGN (0x4)
 *(.isr_vector)
 .isr_vector    0x08000000      0x1e4 ./system/src/cmsis/vectors_stm32f10x.o
                0x08000000                __isr_vectors
 *(.cfmconfig)
 *(.after_vectors .after_vectors.*)
 .after_vectors
                0x080001e4      0x114 ./system/src/newlib/_startup.o
                0x080001e4                _start
 .after_vectors
                0x080002f8       0x74 ./system/src/cortexm/exception_handlers.o
                0x080002f8                Reset_Handler
                0x08000318                HardFault_Handler_C
                0x08000334                BusFault_Handler_C
                0x0800034c                UsageFault_Handler_C
 .after_vectors
                0x0800036c        0x4 ./system/src/cmsis/vectors_stm32f10x.o
                0x0800036c                EXTI2_IRQHandler
                0x0800036c                TIM8_TRG_COM_IRQHandler
                0x0800036c                TIM8_CC_IRQHandler
                0x0800036c                TIM1_CC_IRQHandler
                0x0800036c                TIM6_IRQHandler
                0x0800036c                PVD_IRQHandler
                0x0800036c                SDIO_IRQHandler
                0x0800036c                CAN2_RX1_IRQHandler
                0x0800036c                EXTI3_IRQHandler
                0x0800036c                TIM8_TRG_COM_TIM14_IRQHandler
                0x0800036c                TIM1_UP_TIM10_IRQHandler
                0x0800036c                TIM8_UP_TIM13_IRQHandler
                0x0800036c                EXTI0_IRQHandler
                0x0800036c                I2C2_EV_IRQHandler
                0x0800036c                CAN1_RX0_IRQHandler
                0x0800036c                TIM1_UP_TIM16_IRQHandler
                0x0800036c                CAN2_SCE_IRQHandler
                0x0800036c                ADC1_2_IRQHandler
                0x0800036c                SPI1_IRQHandler
                0x0800036c                TAMPER_IRQHandler
                0x0800036c                TIM6_DAC_IRQHandler
                0x0800036c                TIM1_BRK_TIM9_IRQHandler
                0x0800036c                CAN2_RX0_IRQHandler
                0x0800036c                TIM8_UP_IRQHandler
                0x0800036c                DMA2_Channel2_IRQHandler
                0x0800036c                DMA1_Channel4_IRQHandler
                0x0800036c                USART3_IRQHandler
                0x0800036c                RTC_IRQHandler
                0x0800036c                DMA1_Channel7_IRQHandler
                0x0800036c                CAN1_RX1_IRQHandler
                0x0800036c                UART5_IRQHandler
                0x0800036c                ADC3_IRQHandler
                0x0800036c                TIM4_IRQHandler
                0x0800036c                DMA2_Channel1_IRQHandler
                0x0800036c                I2C1_EV_IRQHandler
                0x0800036c                DMA1_Channel6_IRQHandler
                0x0800036c                UART4_IRQHandler
                0x0800036c                DMA2_Channel4_IRQHandler
                0x0800036c                TIM3_IRQHandler
                0x0800036c                RCC_IRQHandler
                0x0800036c                TIM8_BRK_TIM12_IRQHandler
                0x0800036c                TIM1_TRG_COM_IRQHandler
                0x0800036c                DMA1_Channel1_IRQHandler
                0x0800036c                Default_Handler
                0x0800036c                CEC_IRQHandler
                0x0800036c                EXTI15_10_IRQHandler
                0x0800036c                TIM14_IRQHandler
                0x0800036c                TIM13_IRQHandler
                0x0800036c                TIM12_IRQHandler
                0x0800036c                TIM7_IRQHandler
                0x0800036c                CAN2_TX_IRQHandler
                0x0800036c                TIM5_IRQHandler
                0x0800036c                EXTI9_5_IRQHandler
                0x0800036c                ETH_WKUP_IRQHandler
                0x0800036c                SPI2_IRQHandler
                0x0800036c                CAN1_TX_IRQHandler
                0x0800036c                DMA2_Channel5_IRQHandler
                0x0800036c                DMA1_Channel5_IRQHandler
                0x0800036c                EXTI4_IRQHandler
                0x0800036c                USB_LP_CAN1_RX0_IRQHandler
                0x0800036c                TIM1_TRG_COM_TIM17_IRQHandler
                0x0800036c                USB_HP_CAN1_TX_IRQHandler
                0x0800036c                DMA1_Channel3_IRQHandler
                0x0800036c                FSMC_IRQHandler
                0x0800036c                ETH_IRQHandler
                0x0800036c                TIM1_UP_IRQHandler
                0x0800036c                WWDG_IRQHandler
                0x0800036c                TIM2_IRQHandler
                0x0800036c                TIM1_TRG_COM_TIM11_IRQHandler
                0x0800036c                TIM1_BRK_IRQHandler
                0x0800036c                EXTI1_IRQHandler
                0x0800036c                RTCAlarm_IRQHandler
                0x0800036c                DMA2_Channel4_5_IRQHandler
                0x0800036c                USART2_IRQHandler
                0x0800036c                I2C2_ER_IRQHandler
                0x0800036c                DMA1_Channel2_IRQHandler
                0x0800036c                TIM8_BRK_IRQHandler
                0x0800036c                CAN1_SCE_IRQHandler
                0x0800036c                FLASH_IRQHandler
                0x0800036c                USART1_IRQHandler
                0x0800036c                SPI3_IRQHandler
                0x0800036c                I2C1_ER_IRQHandler
                0x0800036c                USBWakeUp_IRQHandler
                0x0800036c                DMA2_Channel3_IRQHandler
                0x0800036c                TIM1_BRK_TIM15_IRQHandler
                0x08000370                . = ALIGN (0x4)

.inits          0x08000370        0x0
                0x08000370                . = ALIGN (0x4)
 *(.init)
 *(.fini)
                0x08000370                . = ALIGN (0x4)
                0x08000370                PROVIDE (__preinit_array_start, .)
 *(.preinit_array_sysinit .preinit_array_sysinit.*)
 *(.preinit_array_platform .preinit_array_platform.*)
 *(.preinit_array .preinit_array.*)
                0x08000370                PROVIDE (__preinit_array_end, .)
                0x08000370                . = ALIGN (0x4)
                0x08000370                PROVIDE (__init_array_start, .)
 *(SORT(.init_array.*))
 *(.init_array)
                0x08000370                PROVIDE (__init_array_end, .)
                0x08000370                . = ALIGN (0x4)
                0x08000370                PROVIDE (__fini_array_start, .)
 *(SORT(.fini_array.*))
 *(.fini_array)
                0x08000370                PROVIDE (__fini_array_end, .)
                0x08000370                . = ALIGN (0x4)

.flashtext      0x08000370        0x0
                0x08000370                . = ALIGN (0x4)
 *(.flashtext .flashtext.*)
                0x08000370                . = ALIGN (0x4)

.text           0x08000370     0x3e48
                0x08000370                . = ALIGN (0x4)
 *(.text .text.*)
 .text.NVIC_PriorityGroupConfig
                0x08000370       0x40 ./system/src/stm32f1-stdperiph/misc.o
                0x08000370                NVIC_PriorityGroupConfig
 .text.NVIC_Init
                0x080003b0       0x98 ./system/src/stm32f1-stdperiph/misc.o
                0x080003b0                NVIC_Init
 .text.EXTI_ClearITPendingBit
                0x08000448       0x24 ./system/src/stm32f1-stdperiph/stm32f10x_exti.o
                0x08000448                EXTI_ClearITPendingBit
 .text.GPIO_Init
                0x0800046c      0x12c ./system/src/stm32f1-stdperiph/stm32f10x_gpio.o
                0x0800046c                GPIO_Init
 .text.GPIO_ReadInputDataBit
                0x08000598       0xb8 ./system/src/stm32f1-stdperiph/stm32f10x_gpio.o
                0x08000598                GPIO_ReadInputDataBit
 .text.GPIO_ReadOutputDataBit
                0x08000650       0xb8 ./system/src/stm32f1-stdperiph/stm32f10x_gpio.o
                0x08000650                GPIO_ReadOutputDataBit
 .text.GPIO_SetBits
                0x08000708       0x60 ./system/src/stm32f1-stdperiph/stm32f10x_gpio.o
                0x08000708                GPIO_SetBits
 .text.GPIO_ResetBits
                0x08000768       0x60 ./system/src/stm32f1-stdperiph/stm32f10x_gpio.o
                0x08000768                GPIO_ResetBits
 .text.GPIO_PinRemapConfig
                0x080007c8      0x1d0 ./system/src/stm32f1-stdperiph/stm32f10x_gpio.o
                0x080007c8                GPIO_PinRemapConfig
 .text.RCC_HSICmd
                0x08000998       0x20 ./system/src/stm32f1-stdperiph/stm32f10x_rcc.o
                0x08000998                RCC_HSICmd
 .text.RCC_AHBPeriphClockCmd
                0x080009b8       0x4c ./system/src/stm32f1-stdperiph/stm32f10x_rcc.o
                0x080009b8                RCC_AHBPeriphClockCmd
 .text.RCC_APB2PeriphClockCmd
                0x08000a04       0x4c ./system/src/stm32f1-stdperiph/stm32f10x_rcc.o
                0x08000a04                RCC_APB2PeriphClockCmd
 .text.SPI_Init
                0x08000a50      0x12c ./system/src/stm32f1-stdperiph/stm32f10x_spi.o
                0x08000a50                SPI_Init
 .text.SPI_Cmd  0x08000b7c       0x58 ./system/src/stm32f1-stdperiph/stm32f10x_spi.o
                0x08000b7c                SPI_Cmd
 .text.SPI_I2S_SendData
                0x08000bd4       0x34 ./system/src/stm32f1-stdperiph/stm32f10x_spi.o
                0x08000bd4                SPI_I2S_SendData
 .text.SPI_I2S_ReceiveData
                0x08000c08       0x34 ./system/src/stm32f1-stdperiph/stm32f10x_spi.o
                0x08000c08                SPI_I2S_ReceiveData
 .text.SPI_I2S_GetFlagStatus
                0x08000c3c       0x68 ./system/src/stm32f1-stdperiph/stm32f10x_spi.o
                0x08000c3c                SPI_I2S_GetFlagStatus
 .text._exit    0x08000ca4        0x4 ./system/src/newlib/_exit.o
                0x08000ca4                _exit
 .text.abort    0x08000ca8        0x8 ./system/src/newlib/_exit.o
                0x08000ca8                abort
 .text.__initialize_args
                0x08000cb0       0x10 ./system/src/newlib/_syscalls.o
                0x08000cb0                __initialize_args
 .text.assert_failed
                0x08000cc0        0x8 ./system/src/newlib/assert.o
                0x08000cc0                assert_failed
 .text.__initialize_hardware_early
                0x08000cc8        0x8 ./system/src/cortexm/_initialize_hardware.o
                0x08000cc8                __initialize_hardware_early
 .text.__initialize_hardware
                0x08000cd0        0x8 ./system/src/cortexm/_initialize_hardware.o
                0x08000cd0                __initialize_hardware
 .text.SetSysClockTo72
                0x08000cd8       0xdc ./system/src/cmsis/system_stm32f10x.o
 .text.SetSysClock
                0x08000db4        0x8 ./system/src/cmsis/system_stm32f10x.o
 .text.SystemInit
                0x08000dbc       0x64 ./system/src/cmsis/system_stm32f10x.o
                0x08000dbc                SystemInit
 .text.SystemCoreClockUpdate
                0x08000e20       0xd0 ./system/src/cmsis/system_stm32f10x.o
                0x08000e20                SystemCoreClockUpdate
 .text.USB_OTG_EnableCommonInt
                0x08000ef0       0x1c ./system/src/STM32_USB-OTG-Device_Driver/usb_core.o
 .text.USB_OTG_CoreReset
                0x08000f0c       0x58 ./system/src/STM32_USB-OTG-Device_Driver/usb_core.o
 .text.USB_OTG_WritePacket
                0x08000f64       0x2c ./system/src/STM32_USB-OTG-Device_Driver/usb_core.o
                0x08000f64                USB_OTG_WritePacket
 .text.USB_OTG_ReadPacket
                0x08000f90       0x24 ./system/src/STM32_USB-OTG-Device_Driver/usb_core.o
                0x08000f90                USB_OTG_ReadPacket
 .text.USB_OTG_SelectCore
                0x08000fb4       0xc8 ./system/src/STM32_USB-OTG-Device_Driver/usb_core.o
                0x08000fb4                USB_OTG_SelectCore
 .text.USB_OTG_CoreInit
                0x0800107c       0x90 ./system/src/STM32_USB-OTG-Device_Driver/usb_core.o
                0x0800107c                USB_OTG_CoreInit
 .text.USB_OTG_EnableGlobalInt
                0x0800110c       0x10 ./system/src/STM32_USB-OTG-Device_Driver/usb_core.o
                0x0800110c                USB_OTG_EnableGlobalInt
 .text.USB_OTG_DisableGlobalInt
                0x0800111c       0x10 ./system/src/STM32_USB-OTG-Device_Driver/usb_core.o
                0x0800111c                USB_OTG_DisableGlobalInt
 .text.USB_OTG_FlushTxFifo
                0x0800112c       0x50 ./system/src/STM32_USB-OTG-Device_Driver/usb_core.o
                0x0800112c                USB_OTG_FlushTxFifo
 .text.USB_OTG_FlushRxFifo
                0x0800117c       0x40 ./system/src/STM32_USB-OTG-Device_Driver/usb_core.o
                0x0800117c                USB_OTG_FlushRxFifo
 .text.USB_OTG_SetCurrentMode
                0x080011bc       0x2c ./system/src/STM32_USB-OTG-Device_Driver/usb_core.o
                0x080011bc                USB_OTG_SetCurrentMode
 .text.USB_OTG_GetMode
                0x080011e8        0xc ./system/src/STM32_USB-OTG-Device_Driver/usb_core.o
                0x080011e8                USB_OTG_GetMode
 .text.USB_OTG_IsDeviceMode
                0x080011f4       0x10 ./system/src/STM32_USB-OTG-Device_Driver/usb_core.o
                0x080011f4                USB_OTG_IsDeviceMode
 .text.USB_OTG_ReadCoreItr
                0x08001204        0xc ./system/src/STM32_USB-OTG-Device_Driver/usb_core.o
                0x08001204                USB_OTG_ReadCoreItr
 .text.USB_OTG_InitDevSpeed
                0x08001210        0xc ./system/src/STM32_USB-OTG-Device_Driver/usb_core.o
                0x08001210                USB_OTG_InitDevSpeed
 .text.USB_OTG_EnableDevInt
                0x0800121c       0x38 ./system/src/STM32_USB-OTG-Device_Driver/usb_core.o
                0x0800121c                USB_OTG_EnableDevInt
 .text.USB_OTG_CoreInitDev
                0x08001254      0x140 ./system/src/STM32_USB-OTG-Device_Driver/usb_core.o
                0x08001254                USB_OTG_CoreInitDev
 .text.USB_OTG_GetDeviceSpeed
                0x08001394       0x20 ./system/src/STM32_USB-OTG-Device_Driver/usb_core.o
                0x08001394                USB_OTG_GetDeviceSpeed
 .text.USB_OTG_EP0Activate
                0x080013b4       0x2c ./system/src/STM32_USB-OTG-Device_Driver/usb_core.o
                0x080013b4                USB_OTG_EP0Activate
 .text.USB_OTG_EPActivate
                0x080013e0       0x68 ./system/src/STM32_USB-OTG-Device_Driver/usb_core.o
                0x080013e0                USB_OTG_EPActivate
 .text.USB_OTG_EPDeactivate
                0x08001448       0x44 ./system/src/STM32_USB-OTG-Device_Driver/usb_core.o
                0x08001448                USB_OTG_EPDeactivate
 .text.USB_OTG_EPStartXfer
                0x0800148c      0x12c ./system/src/STM32_USB-OTG-Device_Driver/usb_core.o
                0x0800148c                USB_OTG_EPStartXfer
 .text.USB_OTG_EP0StartXfer
                0x080015b8      0x11c ./system/src/STM32_USB-OTG-Device_Driver/usb_core.o
                0x080015b8                USB_OTG_EP0StartXfer
 .text.USB_OTG_EPSetStall
                0x080016d4       0x40 ./system/src/STM32_USB-OTG-Device_Driver/usb_core.o
                0x080016d4                USB_OTG_EPSetStall
 .text.USB_OTG_EPClearStall
                0x08001714       0x34 ./system/src/STM32_USB-OTG-Device_Driver/usb_core.o
                0x08001714                USB_OTG_EPClearStall
 .text.USB_OTG_ReadDevAllOutEp_itr
                0x08001748        0xc ./system/src/STM32_USB-OTG-Device_Driver/usb_core.o
                0x08001748                USB_OTG_ReadDevAllOutEp_itr
 .text.USB_OTG_ReadDevOutEP_itr
                0x08001754       0x10 ./system/src/STM32_USB-OTG-Device_Driver/usb_core.o
                0x08001754                USB_OTG_ReadDevOutEP_itr
 .text.USB_OTG_ReadDevAllInEPItr
                0x08001764        0xc ./system/src/STM32_USB-OTG-Device_Driver/usb_core.o
                0x08001764                USB_OTG_ReadDevAllInEPItr
 .text.USB_OTG_EP0_OutStart
                0x08001770       0x44 ./system/src/STM32_USB-OTG-Device_Driver/usb_core.o
                0x08001770                USB_OTG_EP0_OutStart
 .text.USB_OTG_UngateClock
                0x080017b4       0x24 ./system/src/STM32_USB-OTG-Device_Driver/usb_core.o
                0x080017b4                USB_OTG_UngateClock
 .text.DCD_Init
                0x080017d8       0x9c ./system/src/STM32_USB-OTG-Device_Driver/usb_dcd.o
                0x080017d8                DCD_Init
 .text.DCD_EP_Open
                0x08001874       0x50 ./system/src/STM32_USB-OTG-Device_Driver/usb_dcd.o
                0x08001874                DCD_EP_Open
 .text.DCD_EP_Close
                0x080018c4       0x40 ./system/src/STM32_USB-OTG-Device_Driver/usb_dcd.o
                0x080018c4                DCD_EP_Close
 .text.DCD_EP_PrepareRx
                0x08001904       0x5c ./system/src/STM32_USB-OTG-Device_Driver/usb_dcd.o
                0x08001904                DCD_EP_PrepareRx
 .text.DCD_EP_Tx
                0x08001960       0x44 ./system/src/STM32_USB-OTG-Device_Driver/usb_dcd.o
                0x08001960                DCD_EP_Tx
 .text.DCD_EP_Stall
                0x080019a4       0x40 ./system/src/STM32_USB-OTG-Device_Driver/usb_dcd.o
                0x080019a4                DCD_EP_Stall
 .text.DCD_EP_ClrStall
                0x080019e4       0x40 ./system/src/STM32_USB-OTG-Device_Driver/usb_dcd.o
                0x080019e4                DCD_EP_ClrStall
 .text.DCD_EP_SetAddress
                0x08001a24       0x10 ./system/src/STM32_USB-OTG-Device_Driver/usb_dcd.o
                0x08001a24                DCD_EP_SetAddress
 .text.DCD_HandleResume_ISR
                0x08001a34       0x40 ./system/src/STM32_USB-OTG-Device_Driver/usb_dcd_int.o
 .text.DCD_HandleUSBSuspend_ISR
                0x08001a74       0x74 ./system/src/STM32_USB-OTG-Device_Driver/usb_dcd_int.o
 .text.DCD_HandleSof_ISR
                0x08001ae8       0x1c ./system/src/STM32_USB-OTG-Device_Driver/usb_dcd_int.o
 .text.DCD_IsoINIncomplete_ISR
                0x08001b04       0x1c ./system/src/STM32_USB-OTG-Device_Driver/usb_dcd_int.o
 .text.DCD_IsoOUTIncomplete_ISR
                0x08001b20       0x1c ./system/src/STM32_USB-OTG-Device_Driver/usb_dcd_int.o
 .text.DCD_ReadDevInEP
                0x08001b3c       0x1c ./system/src/STM32_USB-OTG-Device_Driver/usb_dcd_int.o
 .text.DCD_HandleOutEP_ISR
                0x08001b58       0xb8 ./system/src/STM32_USB-OTG-Device_Driver/usb_dcd_int.o
 .text.DCD_WriteEmptyTxFifo
                0x08001c10       0xcc ./system/src/STM32_USB-OTG-Device_Driver/usb_dcd_int.o
 .text.DCD_HandleInEP_ISR
                0x08001cdc       0xd0 ./system/src/STM32_USB-OTG-Device_Driver/usb_dcd_int.o
 .text.DCD_HandleRxStatusQueueLevel_ISR
                0x08001dac       0x90 ./system/src/STM32_USB-OTG-Device_Driver/usb_dcd_int.o
 .text.DCD_HandleUsbReset_ISR
                0x08001e3c       0x94 ./system/src/STM32_USB-OTG-Device_Driver/usb_dcd_int.o
 .text.DCD_HandleEnumDone_ISR
                0x08001ed0       0x48 ./system/src/STM32_USB-OTG-Device_Driver/usb_dcd_int.o
 .text.USBD_OTG_ISR_Handler
                0x08001f18       0xdc ./system/src/STM32_USB-OTG-Device_Driver/usb_dcd_int.o
                0x08001f18                USBD_OTG_ISR_Handler
 .text.usbd_cdc_EP0_RxReady
                0x08001ff4       0x30 ./system/src/STM32_USB-OTG-Device_Driver/usbd_cdc_core.o
 .text.USBD_cdc_GetCfgDesc
                0x08002024        0xc ./system/src/STM32_USB-OTG-Device_Driver/usbd_cdc_core.o
 .text.Handle_USBAsynchXfer
                0x08002030       0x94 ./system/src/STM32_USB-OTG-Device_Driver/usbd_cdc_core.o
 .text.usbd_cdc_SOF
                0x080020c4       0x20 ./system/src/STM32_USB-OTG-Device_Driver/usbd_cdc_core.o
 .text.usbd_cdc_DataIn
                0x080020e4       0x60 ./system/src/STM32_USB-OTG-Device_Driver/usbd_cdc_core.o
 .text.usbd_cdc_DataOut
                0x08002144       0x34 ./system/src/STM32_USB-OTG-Device_Driver/usbd_cdc_core.o
 .text.usbd_cdc_Setup
                0x08002178       0xcc ./system/src/STM32_USB-OTG-Device_Driver/usbd_cdc_core.o
 .text.usbd_cdc_DeInit
                0x08002244       0x28 ./system/src/STM32_USB-OTG-Device_Driver/usbd_cdc_core.o
 .text.usbd_cdc_Init
                0x0800226c       0x54 ./system/src/STM32_USB-OTG-Device_Driver/usbd_cdc_core.o
 .text.USBD_RunTestMode
                0x080022c0       0x10 ./system/src/STM32_USB-OTG-Device_Driver/usbd_core.o
 .text.USBD_Resume
                0x080022d0       0x18 ./system/src/STM32_USB-OTG-Device_Driver/usbd_core.o
 .text.USBD_Suspend
                0x080022e8       0x1c ./system/src/STM32_USB-OTG-Device_Driver/usbd_core.o
 .text.USBD_SOF
                0x08002304       0x10 ./system/src/STM32_USB-OTG-Device_Driver/usbd_core.o
 .text.USBD_IsoINIncomplete
                0x08002314       0x10 ./system/src/STM32_USB-OTG-Device_Driver/usbd_core.o
 .text.USBD_IsoOUTIncomplete
                0x08002324       0x10 ./system/src/STM32_USB-OTG-Device_Driver/usbd_core.o
 .text.USBD_Reset
                0x08002334       0x30 ./system/src/STM32_USB-OTG-Device_Driver/usbd_core.o
 .text.USBD_SetupStage
                0x08002364       0x50 ./system/src/STM32_USB-OTG-Device_Driver/usbd_core.o
 .text.USBD_DataInStage
                0x080023b4       0xb4 ./system/src/STM32_USB-OTG-Device_Driver/usbd_core.o
 .text.USBD_DataOutStage
                0x08002468       0x78 ./system/src/STM32_USB-OTG-Device_Driver/usbd_core.o
 .text.USBD_Init
                0x080024e0       0x34 ./system/src/STM32_USB-OTG-Device_Driver/usbd_core.o
                0x080024e0                USBD_Init
 .text.USBD_SetCfg
                0x08002514       0x18 ./system/src/STM32_USB-OTG-Device_Driver/usbd_core.o
                0x08002514                USBD_SetCfg
 .text.USBD_ClrCfg
                0x0800252c       0x10 ./system/src/STM32_USB-OTG-Device_Driver/usbd_core.o
                0x0800252c                USBD_ClrCfg
 .text.USBD_CtlSendData
                0x0800253c       0x24 ./system/src/STM32_USB-OTG-Device_Driver/usbd_ioreq.o
                0x0800253c                USBD_CtlSendData
 .text.USBD_CtlContinueSendData
                0x08002560       0x14 ./system/src/STM32_USB-OTG-Device_Driver/usbd_ioreq.o
                0x08002560                USBD_CtlContinueSendData
 .text.USBD_CtlPrepareRx
                0x08002574       0x24 ./system/src/STM32_USB-OTG-Device_Driver/usbd_ioreq.o
                0x08002574                USBD_CtlPrepareRx
 .text.USBD_CtlContinueRx
                0x08002598       0x14 ./system/src/STM32_USB-OTG-Device_Driver/usbd_ioreq.o
                0x08002598                USBD_CtlContinueRx
 .text.USBD_CtlSendStatus
                0x080025ac       0x20 ./system/src/STM32_USB-OTG-Device_Driver/usbd_ioreq.o
                0x080025ac                USBD_CtlSendStatus
 .text.USBD_CtlReceiveStatus
                0x080025cc       0x20 ./system/src/STM32_USB-OTG-Device_Driver/usbd_ioreq.o
                0x080025cc                USBD_CtlReceiveStatus
 .text.USBD_GetLen
                0x080025ec       0x14 ./system/src/STM32_USB-OTG-Device_Driver/usbd_req.o
 .text.USBD_SetFeature
                0x08002600       0x7c ./system/src/STM32_USB-OTG-Device_Driver/usbd_req.o
 .text.USBD_ParseSetupRequest
                0x0800267c       0x44 ./system/src/STM32_USB-OTG-Device_Driver/usbd_req.o
                0x0800267c                USBD_ParseSetupRequest
 .text.USBD_CtlError
                0x080026c0       0x1c ./system/src/STM32_USB-OTG-Device_Driver/usbd_req.o
                0x080026c0                USBD_CtlError
 .text.USBD_GetDescriptor
                0x080026dc      0x118 ./system/src/STM32_USB-OTG-Device_Driver/usbd_req.o
 .text.USBD_SetAddress
                0x080027f4       0x4c ./system/src/STM32_USB-OTG-Device_Driver/usbd_req.o
 .text.USBD_SetConfig
                0x08002840       0x90 ./system/src/STM32_USB-OTG-Device_Driver/usbd_req.o
 .text.USBD_GetConfig
                0x080028d0       0x40 ./system/src/STM32_USB-OTG-Device_Driver/usbd_req.o
 .text.USBD_GetStatus
                0x08002910       0x34 ./system/src/STM32_USB-OTG-Device_Driver/usbd_req.o
 .text.USBD_ClrFeature
                0x08002944       0x30 ./system/src/STM32_USB-OTG-Device_Driver/usbd_req.o
 .text.USBD_StdDevReq
                0x08002974       0x48 ./system/src/STM32_USB-OTG-Device_Driver/usbd_req.o
                0x08002974                USBD_StdDevReq
 .text.USBD_StdItfReq
                0x080029bc       0x38 ./system/src/STM32_USB-OTG-Device_Driver/usbd_req.o
                0x080029bc                USBD_StdItfReq
 .text.USBD_StdEPReq
                0x080029f4      0x128 ./system/src/STM32_USB-OTG-Device_Driver/usbd_req.o
                0x080029f4                USBD_StdEPReq
 .text.USBD_GetString
                0x08002b1c       0x3c ./system/src/STM32_USB-OTG-Device_Driver/usbd_req.o
                0x08002b1c                USBD_GetString
 .text.Configure_SDA_to_Input
                0x08002b58       0x2c ./src/i2csw.o
                0x08002b58                Configure_SDA_to_Input
 .text.Configure_SDA_to_Output
                0x08002b84       0x2c ./src/i2csw.o
                0x08002b84                Configure_SDA_to_Output
 .text.i2cPutbyte
                0x08002bb0       0xfc ./src/i2csw.o
                0x08002bb0                i2cPutbyte
 .text.i2cGetbyte
                0x08002cac       0xec ./src/i2csw.o
                0x08002cac                i2cGetbyte
 .text.i2cInit  0x08002d98       0x58 ./src/i2csw.o
                0x08002d98                i2cInit
 .text.i2cSend  0x08002df0       0xbc ./src/i2csw.o
                0x08002df0                i2cSend
 .text.i2cReceive
                0x08002eac      0x108 ./src/i2csw.o
                0x08002eac                i2cReceive
 .text.Check_many_blocks
                0x08002fb4       0x28 ./src/main.o
                0x08002fb4                Check_many_blocks
 .text.Init_SPI1
                0x08002fdc      0x104 ./src/main.o
                0x08002fdc                Init_SPI1
 .text.Init_GPIOs
                0x080030e0      0x110 ./src/main.o
                0x080030e0                Init_GPIOs
 .text.Update_GPIOs
                0x080031f0      0x258 ./src/main.o
                0x080031f0                Update_GPIOs
 .text.SPI1_transfer_byte
                0x08003448       0x34 ./src/main.o
                0x08003448                SPI1_transfer_byte
 .text.Delay_us
                0x0800347c       0x14 ./src/main.o
                0x0800347c                Delay_us
 .text.SysTick_Handler
                0x08003490       0xbc ./src/main.o
                0x08003490                SysTick_Handler
 .text.Set_LED_mode
                0x0800354c       0x60 ./src/main.o
                0x0800354c                Set_LED_mode
 .text.main     0x080035ac      0x868 ./src/main.o
                0x080035ac                main
 .text.NMI_Handler
                0x08003e14        0x4 ./src/stm32fxxx_it.o
                0x08003e14                NMI_Handler
 .text.HardFault_Handler
                0x08003e18        0x4 ./src/stm32fxxx_it.o
                0x08003e18                HardFault_Handler
 .text.MemManage_Handler
                0x08003e1c        0x4 ./src/stm32fxxx_it.o
                0x08003e1c                MemManage_Handler
 .text.BusFault_Handler
                0x08003e20        0x4 ./src/stm32fxxx_it.o
                0x08003e20                BusFault_Handler
 .text.UsageFault_Handler
                0x08003e24        0x4 ./src/stm32fxxx_it.o
                0x08003e24                UsageFault_Handler
 .text.SVC_Handler
                0x08003e28        0x4 ./src/stm32fxxx_it.o
                0x08003e28                SVC_Handler
 .text.DebugMon_Handler
                0x08003e2c        0x4 ./src/stm32fxxx_it.o
                0x08003e2c                DebugMon_Handler
 .text.PendSV_Handler
                0x08003e30        0x4 ./src/stm32fxxx_it.o
                0x08003e30                PendSV_Handler
 .text.OTG_FS_WKUP_IRQHandler
                0x08003e34       0x30 ./src/stm32fxxx_it.o
                0x08003e34                OTG_FS_WKUP_IRQHandler
 .text.OTG_FS_IRQHandler
                0x08003e64       0x10 ./src/stm32fxxx_it.o
                0x08003e64                OTG_FS_IRQHandler
 .text.USB_OTG_BSP_Init
                0x08003e74       0x10 ./src/usb_bsp.o
                0x08003e74                USB_OTG_BSP_Init
 .text.USB_OTG_BSP_EnableInterrupt
                0x08003e84       0x30 ./src/usb_bsp.o
                0x08003e84                USB_OTG_BSP_EnableInterrupt
 .text.USB_OTG_BSP_uDelay
                0x08003eb4       0x24 ./src/usb_bsp.o
                0x08003eb4                USB_OTG_BSP_uDelay
 .text.USB_OTG_BSP_mDelay
                0x08003ed8       0x10 ./src/usb_bsp.o
                0x08003ed8                USB_OTG_BSP_mDelay
 .text.VCP_Init
                0x08003ee8        0x4 ./src/usbd_cdc_vcp.o
 .text.VCP_DeInit
                0x08003eec        0x4 ./src/usbd_cdc_vcp.o
 .text.VCP_DataTx
                0x08003ef0       0x44 ./src/usbd_cdc_vcp.o
                0x08003ef0                VCP_DataTx
 .text.VCP_DataRx
                0x08003f34       0x30 ./src/usbd_cdc_vcp.o
 .text.VCP_Ctrl
                0x08003f64       0x70 ./src/usbd_cdc_vcp.o
 .text.USBD_USR_DeviceDescriptor
                0x08003fd4        0xc ./src/usbd_desc.o
                0x08003fd4                USBD_USR_DeviceDescriptor
 .text.USBD_USR_LangIDStrDescriptor
                0x08003fe0        0xc ./src/usbd_desc.o
                0x08003fe0                USBD_USR_LangIDStrDescriptor
 .text.USBD_USR_ProductStrDescriptor
                0x08003fec       0x1c ./src/usbd_desc.o
                0x08003fec                USBD_USR_ProductStrDescriptor
 .text.USBD_USR_ManufacturerStrDescriptor
                0x08004008       0x1c ./src/usbd_desc.o
                0x08004008                USBD_USR_ManufacturerStrDescriptor
 .text.USBD_USR_SerialStrDescriptor
                0x08004024       0x1c ./src/usbd_desc.o
                0x08004024                USBD_USR_SerialStrDescriptor
 .text.USBD_USR_ConfigStrDescriptor
                0x08004040       0x1c ./src/usbd_desc.o
                0x08004040                USBD_USR_ConfigStrDescriptor
 .text.USBD_USR_InterfaceStrDescriptor
                0x0800405c       0x1c ./src/usbd_desc.o
                0x0800405c                USBD_USR_InterfaceStrDescriptor
 .text.USBD_USR_Init
                0x08004078        0x4 ./src/usbd_usr.o
                0x08004078                USBD_USR_Init
 .text.USBD_USR_DeviceReset
                0x0800407c        0x4 ./src/usbd_usr.o
                0x0800407c                USBD_USR_DeviceReset
 .text.USBD_USR_DeviceConfigured
                0x08004080        0x4 ./src/usbd_usr.o
                0x08004080                USBD_USR_DeviceConfigured
 .text.USBD_USR_DeviceSuspended
                0x08004084        0x4 ./src/usbd_usr.o
                0x08004084                USBD_USR_DeviceSuspended
 .text.USBD_USR_DeviceResumed
                0x08004088        0x4 ./src/usbd_usr.o
                0x08004088                USBD_USR_DeviceResumed
 .text.USBD_USR_DeviceConnected
                0x0800408c        0x4 ./src/usbd_usr.o
                0x0800408c                USBD_USR_DeviceConnected
 .text.USBD_USR_DeviceDisconnected
                0x08004090        0x4 ./src/usbd_usr.o
                0x08004090                USBD_USR_DeviceDisconnected
 .text.memset   0x08004094       0x10 d:/lime/projects/lms8001/pcb/mcu/stm/stm32toolchain/gnu-arm/4_9-2015q3/4.9 2015q3/bin/../lib/gcc/arm-none-eabi/4.9.3/../../../../arm-none-eabi/lib/armv7-m\libg_nano.a(lib_a-memset.o)
                0x08004094                memset
 *(.rodata .rodata.*)
 .rodata.str1.4
                0x080040a4       0x27 ./system/src/stm32f1-stdperiph/misc.o
 *fill*         0x080040cb        0x1 
 .rodata.str1.4
                0x080040cc       0x31 ./system/src/stm32f1-stdperiph/stm32f10x_exti.o
 *fill*         0x080040fd        0x3 
 .rodata.str1.4
                0x08004100       0x31 ./system/src/stm32f1-stdperiph/stm32f10x_gpio.o
 *fill*         0x08004131        0x3 
 .rodata.str1.4
                0x08004134       0x30 ./system/src/stm32f1-stdperiph/stm32f10x_rcc.o
 .rodata.str1.4
                0x08004164       0x30 ./system/src/stm32f1-stdperiph/stm32f10x_spi.o
 .rodata.str1.4
                0x08004194       0x24 ./src/usbd_desc.o
 *(vtable)
 *(.eh_frame*)
 *(.glue_7)
 .glue_7        0x00000000        0x0 linker stubs
 *(.glue_7t)
 .glue_7t       0x00000000        0x0 linker stubs

.vfp11_veneer   0x080041b8        0x0
 .vfp11_veneer  0x00000000        0x0 linker stubs

.v4_bx          0x080041b8        0x0
 .v4_bx         0x00000000        0x0 linker stubs

.iplt           0x080041b8        0x0
 .iplt          0x00000000        0x0 ./system/src/stm32f1-stdperiph/misc.o

.rel.dyn        0x080041b8        0x0
 .rel.iplt      0x00000000        0x0 ./system/src/stm32f1-stdperiph/misc.o

.ARM.extab
 *(.ARM.extab* .gnu.linkonce.armextab.*)
                0x080041b8                __exidx_start = .

.ARM.exidx
 *(.ARM.exidx* .gnu.linkonce.armexidx.*)
                0x080041b8                __exidx_end = .
                0x080041b8                . = ALIGN (0x4)
                0x080041b8                _etext = .
                0x080041b8                __etext = .
                0x080041b8                _sidata = _etext

.data           0x20000000      0x13c load address 0x080041b8
                0x20000000                . = ALIGN (0x4)
                0x20000000                _sdata = .
                0x20000000                __data_start__ = .
 *(.data_begin .data_begin.*)
 .data_begin    0x20000000        0x4 ./system/src/newlib/_startup.o
 *(.data .data.*)
 .data.argv.4160
                0x20000004        0x8 ./system/src/newlib/_syscalls.o
 .data.AHBPrescTable
                0x2000000c       0x10 ./system/src/cmsis/system_stm32f10x.o
                0x2000000c                AHBPrescTable
 .data.SystemCoreClock
                0x2000001c        0x4 ./system/src/cmsis/system_stm32f10x.o
                0x2000001c                SystemCoreClock
 .data.USBD_CDC_cb
                0x20000020       0x2c ./system/src/STM32_USB-OTG-Device_Driver/usbd_cdc_core.o
                0x20000020                USBD_CDC_cb
 .data.cdcCmd   0x2000004c        0x4 ./system/src/STM32_USB-OTG-Device_Driver/usbd_cdc_core.o
 .data.usbd_cdc_CfgDesc
                0x20000050       0x43 ./system/src/STM32_USB-OTG-Device_Driver/usbd_cdc_core.o
                0x20000050                usbd_cdc_CfgDesc
 *fill*         0x20000093        0x1 
 .data.USBD_DCD_INT_fops
                0x20000094        0x4 ./system/src/STM32_USB-OTG-Device_Driver/usbd_core.o
                0x20000094                USBD_DCD_INT_fops
 .data.USBD_DCD_INT_cb
                0x20000098       0x2c ./system/src/STM32_USB-OTG-Device_Driver/usbd_core.o
                0x20000098                USBD_DCD_INT_cb
 .data.LMS_Ctrl_Packet_Tx
                0x200000c4        0x4 ./src/main.o
                0x200000c4                LMS_Ctrl_Packet_Tx
 .data.LMS_Ctrl_Packet_Rx
                0x200000c8        0x4 ./src/main.o
                0x200000c8                LMS_Ctrl_Packet_Rx
 .data.VCP_fops
                0x200000cc       0x14 ./src/usbd_cdc_vcp.o
                0x200000cc                VCP_fops
 .data.linecoding
                0x200000e0        0x8 ./src/usbd_cdc_vcp.o
                0x200000e0                linecoding
 .data.USR_desc
                0x200000e8       0x1c ./src/usbd_desc.o
                0x200000e8                USR_desc
 .data.USBD_LangIDDesc
                0x20000104        0x4 ./src/usbd_desc.o
                0x20000104                USBD_LangIDDesc
 .data.USBD_DeviceDesc
                0x20000108       0x12 ./src/usbd_desc.o
                0x20000108                USBD_DeviceDesc
 *fill*         0x2000011a        0x2 
 .data.USR_cb   0x2000011c       0x1c ./src/usbd_usr.o
                0x2000011c                USR_cb
 *(.data_end .data_end.*)
 .data_end      0x20000138        0x4 ./system/src/newlib/_startup.o
                0x2000013c                . = ALIGN (0x4)
                0x2000013c                _edata = .
                0x2000013c                __data_end__ = .

.igot.plt       0x2000013c        0x0 load address 0x080042f4
 .igot.plt      0x00000000        0x0 ./system/src/stm32f1-stdperiph/misc.o

.bss            0x2000013c     0x1184 load address 0x080042f4
                0x2000013c                . = ALIGN (0x4)
                0x2000013c                __bss_start__ = .
                0x2000013c                _sbss = .
 *(.bss_begin .bss_begin.*)
 .bss_begin     0x2000013c        0x4 ./system/src/newlib/_startup.o
 *(.bss .bss.*)
 .bss.name.4159
                0x20000140        0x1 ./system/src/newlib/_syscalls.o
 *fill*         0x20000141        0x3 
 .bss.usbd_cdc_AltSet
                0x20000144        0x4 ./system/src/STM32_USB-OTG-Device_Driver/usbd_cdc_core.o
 .bss.USB_Tx_State
                0x20000148        0x1 ./system/src/STM32_USB-OTG-Device_Driver/usbd_cdc_core.o
                0x20000148                USB_Tx_State
 *fill*         0x20000149        0x3 
 .bss.cdcLen    0x2000014c        0x4 ./system/src/STM32_USB-OTG-Device_Driver/usbd_cdc_core.o
 .bss.APP_Rx_ptr_in
                0x20000150        0x4 ./system/src/STM32_USB-OTG-Device_Driver/usbd_cdc_core.o
                0x20000150                APP_Rx_ptr_in
 .bss.APP_Rx_ptr_out
                0x20000154        0x4 ./system/src/STM32_USB-OTG-Device_Driver/usbd_cdc_core.o
                0x20000154                APP_Rx_ptr_out
 .bss.FrameCount.7270
                0x20000158        0x4 ./system/src/STM32_USB-OTG-Device_Driver/usbd_cdc_core.o
 .bss.APP_Rx_length
                0x2000015c        0x4 ./system/src/STM32_USB-OTG-Device_Driver/usbd_cdc_core.o
                0x2000015c                APP_Rx_length
 .bss.USBD_cfg_status
                0x20000160        0x4 ./system/src/STM32_USB-OTG-Device_Driver/usbd_req.o
                0x20000160                USBD_cfg_status
 .bss.USBD_ep_status
                0x20000164        0x4 ./system/src/STM32_USB-OTG-Device_Driver/usbd_req.o
                0x20000164                USBD_ep_status
 .bss.USBD_default_cfg
                0x20000168        0x4 ./system/src/STM32_USB-OTG-Device_Driver/usbd_req.o
                0x20000168                USBD_default_cfg
 .bss.cfgidx.7277
                0x2000016c        0x1 ./system/src/STM32_USB-OTG-Device_Driver/usbd_req.o
 *fill*         0x2000016d        0x3 
 .bss.LED_mode  0x20000170        0xc ./src/main.o
                0x20000170                LED_mode
 .bss.GPIO_states
                0x2000017c        0x2 ./src/main.o
                0x2000017c                GPIO_states
 .bss.last_portion
                0x2000017e        0x1 ./src/main.o
                0x2000017e                last_portion
 *(COMMON)
 *fill*         0x2000017f        0x1 
 COMMON         0x20000180      0x88c ./system/src/STM32_USB-OTG-Device_Driver/usbd_cdc_core.o
                0x20000180                usbd_cdc_OtherCfgDesc
                0x200001c4                USB_Rx_Buffer
                0x20000204                CmdBuff
                0x2000020c                APP_Rx_Buffer
 COMMON         0x20000a0c        0x4 ./system/src/STM32_USB-OTG-Device_Driver/usbd_core.o
                0x20000a0c                SET_TEST_MODE
 COMMON         0x20000a10       0xff ./system/src/STM32_USB-OTG-Device_Driver/usbd_req.o
                0x20000a10                USBD_StrDesc
 *fill*         0x20000b0f        0x1 
 COMMON         0x20000b10      0x756 ./src/main.o
                0x20000b10                adc_val
                0x20000b14                block
                0x20000b18                rx_buff
                0x20000b58                MCU_retries
                0x20000b5c                LED_timeout
                0x20000b68                adc_vals
                0x20000be8                USB_V_old
                0x20000be9                MCU_mode
                0x20000bea                current_portion
                0x20000beb                count
                0x20000bec                tx_buff
                0x20000c2c                USB_OTG_dev
                0x20001220                cmd_errors
                0x20001221                USB_V_new
                0x20001224                Send_Buffer
                0x20001264                temp_status
                0x20001265                reg_idx
 *fill*         0x20001266        0x2 
 COMMON         0x20001268       0x54 ./src/usbd_cdc_vcp.o
                0x20001268                Receive_length
                0x2000126c                Receive_Buffer
                0x200012ac                USART_InitStructure
 *(.bss_end .bss_end.*)
 .bss_end       0x200012bc        0x4 ./system/src/newlib/_startup.o
                0x200012c0                . = ALIGN (0x4)
                0x200012c0                __bss_end__ = .
                0x200012c0                _ebss = .

.noinit         0x200012c0        0x0
                0x200012c0                . = ALIGN (0x4)
                0x200012c0                _noinit = .
 *(.noinit .noinit.*)
                0x200012c0                . = ALIGN (0x4)
                0x200012c0                _end_noinit = .
                0x200012c0                PROVIDE (end, _end_noinit)
                0x200012c0                PROVIDE (_end, _end_noinit)
                0x200012c0                PROVIDE (__end, _end_noinit)
                0x200012c0                PROVIDE (__end__, _end_noinit)

._check_stack   0x200012c0      0x100 load address 0x08005478
                0x200012c0                . = ALIGN (0x4)
                0x200013c0                . = (. + _Minimum_Stack_Size)
 *fill*         0x200012c0      0x100 
                0x200013c0                . = ALIGN (0x4)

.bss_CCMRAM
 *(.bss.CCMRAM .bss.CCMRAM.*)

.b1text
 *(.b1text)
 *(.b1rodata)
 *(.b1rodata.*)

.eb0text
 *(.eb0text)
 *(.eb0rodata)
 *(.eb0rodata.*)

.eb1text
 *(.eb1text)
 *(.eb1rodata)
 *(.eb1rodata.*)

.eb2text
 *(.eb2text)
 *(.eb2rodata)
 *(.eb2rodata.*)

.eb3text
 *(.eb3text)
 *(.eb3rodata)
 *(.eb3rodata.*)

.stab
 *(.stab)

.stabstr
 *(.stabstr)

.stab.excl
 *(.stab.excl)

.stab.exclstr
 *(.stab.exclstr)

.stab.index
 *(.stab.index)

.stab.indexstr
 *(.stab.indexstr)

.comment        0x00000000       0x70
 *(.comment)
 .comment       0x00000000       0x70 ./system/src/stm32f1-stdperiph/misc.o
                                 0x71 (size before relaxing)
 .comment       0x00000000       0x71 ./system/src/stm32f1-stdperiph/stm32f10x_exti.o
 .comment       0x00000000       0x71 ./system/src/stm32f1-stdperiph/stm32f10x_gpio.o
 .comment       0x00000000       0x71 ./system/src/stm32f1-stdperiph/stm32f10x_rcc.o
 .comment       0x00000000       0x71 ./system/src/stm32f1-stdperiph/stm32f10x_spi.o
 .comment       0x00000000       0x71 ./system/src/newlib/_exit.o
 .comment       0x00000000       0x71 ./system/src/newlib/_startup.o
 .comment       0x00000000       0x71 ./system/src/newlib/_syscalls.o
 .comment       0x00000000       0x71 ./system/src/newlib/assert.o
 .comment       0x00000000       0x71 ./system/src/cortexm/_initialize_hardware.o
 .comment       0x00000000       0x71 ./system/src/cortexm/exception_handlers.o
 .comment       0x00000000       0x71 ./system/src/cmsis/system_stm32f10x.o
 .comment       0x00000000       0x71 ./system/src/cmsis/vectors_stm32f10x.o
 .comment       0x00000000       0x71 ./system/src/STM32_USB-OTG-Device_Driver/usb_core.o
 .comment       0x00000000       0x71 ./system/src/STM32_USB-OTG-Device_Driver/usb_dcd.o
 .comment       0x00000000       0x71 ./system/src/STM32_USB-OTG-Device_Driver/usb_dcd_int.o
 .comment       0x00000000       0x71 ./system/src/STM32_USB-OTG-Device_Driver/usbd_cdc_core.o
 .comment       0x00000000       0x71 ./system/src/STM32_USB-OTG-Device_Driver/usbd_core.o
 .comment       0x00000000       0x71 ./system/src/STM32_USB-OTG-Device_Driver/usbd_ioreq.o
 .comment       0x00000000       0x71 ./system/src/STM32_USB-OTG-Device_Driver/usbd_req.o
 .comment       0x00000000       0x71 ./src/i2csw.o
 .comment       0x00000000       0x71 ./src/main.o
 .comment       0x00000000       0x71 ./src/stm32fxxx_it.o
 .comment       0x00000000       0x71 ./src/usb_bsp.o
 .comment       0x00000000       0x71 ./src/usbd_cdc_vcp.o
 .comment       0x00000000       0x71 ./src/usbd_desc.o
 .comment       0x00000000       0x71 ./src/usbd_usr.o

.ARM.attributes
                0x00000000       0x33
 .ARM.attributes
                0x00000000       0x33 ./system/src/stm32f1-stdperiph/misc.o
 .ARM.attributes
                0x00000033       0x33 ./system/src/stm32f1-stdperiph/stm32f10x_exti.o
 .ARM.attributes
                0x00000066       0x33 ./system/src/stm32f1-stdperiph/stm32f10x_gpio.o
 .ARM.attributes
                0x00000099       0x33 ./system/src/stm32f1-stdperiph/stm32f10x_rcc.o
 .ARM.attributes
                0x000000cc       0x33 ./system/src/stm32f1-stdperiph/stm32f10x_spi.o
 .ARM.attributes
                0x000000ff       0x33 ./system/src/newlib/_exit.o
 .ARM.attributes
                0x00000132       0x33 ./system/src/newlib/_startup.o
 .ARM.attributes
                0x00000165       0x33 ./system/src/newlib/_syscalls.o
 .ARM.attributes
                0x00000198       0x33 ./system/src/newlib/assert.o
 .ARM.attributes
                0x000001cb       0x33 ./system/src/cortexm/_initialize_hardware.o
 .ARM.attributes
                0x000001fe       0x33 ./system/src/cortexm/exception_handlers.o
 .ARM.attributes
                0x00000231       0x33 ./system/src/cmsis/system_stm32f10x.o
 .ARM.attributes
                0x00000264       0x33 ./system/src/cmsis/vectors_stm32f10x.o
 .ARM.attributes
                0x00000297       0x33 ./system/src/STM32_USB-OTG-Device_Driver/usb_core.o
 .ARM.attributes
                0x000002ca       0x33 ./system/src/STM32_USB-OTG-Device_Driver/usb_dcd.o
 .ARM.attributes
                0x000002fd       0x33 ./system/src/STM32_USB-OTG-Device_Driver/usb_dcd_int.o
 .ARM.attributes
                0x00000330       0x33 ./system/src/STM32_USB-OTG-Device_Driver/usbd_cdc_core.o
 .ARM.attributes
                0x00000363       0x33 ./system/src/STM32_USB-OTG-Device_Driver/usbd_core.o
 .ARM.attributes
                0x00000396       0x33 ./system/src/STM32_USB-OTG-Device_Driver/usbd_ioreq.o
 .ARM.attributes
                0x000003c9       0x33 ./system/src/STM32_USB-OTG-Device_Driver/usbd_req.o
 .ARM.attributes
                0x000003fc       0x33 ./src/i2csw.o
 .ARM.attributes
                0x0000042f       0x33 ./src/main.o
 .ARM.attributes
                0x00000462       0x33 ./src/stm32fxxx_it.o
 .ARM.attributes
                0x00000495       0x33 ./src/usb_bsp.o
 .ARM.attributes
                0x000004c8       0x33 ./src/usbd_cdc_vcp.o
 .ARM.attributes
                0x000004fb       0x33 ./src/usbd_desc.o
 .ARM.attributes
                0x0000052e       0x33 ./src/usbd_usr.o
 .ARM.attributes
                0x00000561       0x2d d:/lime/projects/lms8001/pcb/mcu/stm/stm32toolchain/gnu-arm/4_9-2015q3/4.9 2015q3/bin/../lib/gcc/arm-none-eabi/4.9.3/../../../../arm-none-eabi/lib/armv7-m\libg_nano.a(lib_a-memset.o)

.debug
 *(.debug)

.line
 *(.line)

.debug_srcinfo
 *(.debug_srcinfo)

.debug_sfnames
 *(.debug_sfnames)

.debug_aranges  0x00000000      0xb68
 *(.debug_aranges)
 .debug_aranges
                0x00000000       0x40 ./system/src/stm32f1-stdperiph/misc.o
 .debug_aranges
                0x00000040       0x58 ./system/src/stm32f1-stdperiph/stm32f10x_exti.o
 .debug_aranges
                0x00000098       0xa8 ./system/src/stm32f1-stdperiph/stm32f10x_gpio.o
 .debug_aranges
                0x00000140      0x160 ./system/src/stm32f1-stdperiph/stm32f10x_rcc.o
 .debug_aranges
                0x000002a0       0xd0 ./system/src/stm32f1-stdperiph/stm32f10x_spi.o
 .debug_aranges
                0x00000370       0x28 ./system/src/newlib/_exit.o
 .debug_aranges
                0x00000398       0x40 ./system/src/newlib/_startup.o
 .debug_aranges
                0x000003d8       0x30 ./system/src/newlib/_syscalls.o
 .debug_aranges
                0x00000408       0x28 ./system/src/newlib/assert.o
 .debug_aranges
                0x00000430       0x28 ./system/src/cortexm/_initialize_hardware.o
 .debug_aranges
                0x00000458       0x80 ./system/src/cortexm/exception_handlers.o
 .debug_aranges
                0x000004d8       0x38 ./system/src/cmsis/system_stm32f10x.o
 .debug_aranges
                0x00000510       0x20 ./system/src/cmsis/vectors_stm32f10x.o
 .debug_aranges
                0x00000530      0x138 ./system/src/STM32_USB-OTG-Device_Driver/usb_core.o
 .debug_aranges
                0x00000668       0x80 ./system/src/STM32_USB-OTG-Device_Driver/usb_dcd.o
 .debug_aranges
                0x000006e8       0x80 ./system/src/STM32_USB-OTG-Device_Driver/usb_dcd_int.o
 .debug_aranges
                0x00000768       0x60 ./system/src/STM32_USB-OTG-Device_Driver/usbd_cdc_core.o
 .debug_aranges
                0x000007c8       0x88 ./system/src/STM32_USB-OTG-Device_Driver/usbd_core.o
 .debug_aranges
                0x00000850       0x50 ./system/src/STM32_USB-OTG-Device_Driver/usbd_ioreq.o
 .debug_aranges
                0x000008a0       0x88 ./system/src/STM32_USB-OTG-Device_Driver/usbd_req.o
 .debug_aranges
                0x00000928       0x50 ./src/i2csw.o
 .debug_aranges
                0x00000978       0x60 ./src/main.o
 .debug_aranges
                0x000009d8       0x68 ./src/stm32fxxx_it.o
 .debug_aranges
                0x00000a40       0x38 ./src/usb_bsp.o
 .debug_aranges
                0x00000a78       0x40 ./src/usbd_cdc_vcp.o
 .debug_aranges
                0x00000ab8       0x60 ./src/usbd_desc.o
 .debug_aranges
                0x00000b18       0x50 ./src/usbd_usr.o

.debug_pubnames
 *(.debug_pubnames)

.debug_info     0x00000000    0x14134
 *(.debug_info .gnu.linkonce.wi.*)
 .debug_info    0x00000000      0x63b ./system/src/stm32f1-stdperiph/misc.o
 .debug_info    0x0000063b      0x45c ./system/src/stm32f1-stdperiph/stm32f10x_exti.o
 .debug_info    0x00000a97      0xbd4 ./system/src/stm32f1-stdperiph/stm32f10x_gpio.o
 .debug_info    0x0000166b      0xfaa ./system/src/stm32f1-stdperiph/stm32f10x_rcc.o
 .debug_info    0x00002615     0x107f ./system/src/stm32f1-stdperiph/stm32f10x_spi.o
 .debug_info    0x00003694       0xee ./system/src/newlib/_exit.o
 .debug_info    0x00003782      0x474 ./system/src/newlib/_startup.o
 .debug_info    0x00003bf6      0x1a9 ./system/src/newlib/_syscalls.o
 .debug_info    0x00003d9f      0x168 ./system/src/newlib/assert.o
 .debug_info    0x00003f07       0xdf ./system/src/cortexm/_initialize_hardware.o
 .debug_info    0x00003fe6      0x288 ./system/src/cortexm/exception_handlers.o
 .debug_info    0x0000426e      0x4ce ./system/src/cmsis/system_stm32f10x.o
 .debug_info    0x0000473c       0xd1 ./system/src/cmsis/vectors_stm32f10x.o
 .debug_info    0x0000480d     0x2639 ./system/src/STM32_USB-OTG-Device_Driver/usb_core.o
 .debug_info    0x00006e46     0x1346 ./system/src/STM32_USB-OTG-Device_Driver/usb_dcd.o
 .debug_info    0x0000818c     0x21ed ./system/src/STM32_USB-OTG-Device_Driver/usb_dcd_int.o
 .debug_info    0x0000a379     0x11d5 ./system/src/STM32_USB-OTG-Device_Driver/usbd_cdc_core.o
 .debug_info    0x0000b54e     0x1309 ./system/src/STM32_USB-OTG-Device_Driver/usbd_core.o
 .debug_info    0x0000c857      0xde2 ./system/src/STM32_USB-OTG-Device_Driver/usbd_ioreq.o
 .debug_info    0x0000d639     0x1530 ./system/src/STM32_USB-OTG-Device_Driver/usbd_req.o
 .debug_info    0x0000eb69      0x87b ./src/i2csw.o
 .debug_info    0x0000f3e4     0x2862 ./src/main.o
 .debug_info    0x00011c46      0xbd9 ./src/stm32fxxx_it.o
 .debug_info    0x0001281f      0xe11 ./src/usb_bsp.o
 .debug_info    0x00013630      0x461 ./src/usbd_cdc_vcp.o
 .debug_info    0x00013a91      0x4e7 ./src/usbd_desc.o
 .debug_info    0x00013f78      0x1bc ./src/usbd_usr.o

.debug_abbrev   0x00000000     0x3345
 *(.debug_abbrev)
 .debug_abbrev  0x00000000      0x188 ./system/src/stm32f1-stdperiph/misc.o
 .debug_abbrev  0x00000188      0x1a3 ./system/src/stm32f1-stdperiph/stm32f10x_exti.o
 .debug_abbrev  0x0000032b      0x1f9 ./system/src/stm32f1-stdperiph/stm32f10x_gpio.o
 .debug_abbrev  0x00000524      0x1ff ./system/src/stm32f1-stdperiph/stm32f10x_rcc.o
 .debug_abbrev  0x00000723      0x1d8 ./system/src/stm32f1-stdperiph/stm32f10x_spi.o
 .debug_abbrev  0x000008fb       0xb7 ./system/src/newlib/_exit.o
 .debug_abbrev  0x000009b2      0x1e9 ./system/src/newlib/_startup.o
 .debug_abbrev  0x00000b9b       0xe7 ./system/src/newlib/_syscalls.o
 .debug_abbrev  0x00000c82       0xb6 ./system/src/newlib/assert.o
 .debug_abbrev  0x00000d38       0x88 ./system/src/cortexm/_initialize_hardware.o
 .debug_abbrev  0x00000dc0      0x115 ./system/src/cortexm/exception_handlers.o
 .debug_abbrev  0x00000ed5      0x157 ./system/src/cmsis/system_stm32f10x.o
 .debug_abbrev  0x0000102c       0x9d ./system/src/cmsis/vectors_stm32f10x.o
 .debug_abbrev  0x000010c9      0x393 ./system/src/STM32_USB-OTG-Device_Driver/usb_core.o
 .debug_abbrev  0x0000145c      0x2c2 ./system/src/STM32_USB-OTG-Device_Driver/usb_dcd.o
 .debug_abbrev  0x0000171e      0x2ef ./system/src/STM32_USB-OTG-Device_Driver/usb_dcd_int.o
 .debug_abbrev  0x00001a0d      0x2c3 ./system/src/STM32_USB-OTG-Device_Driver/usbd_cdc_core.o
 .debug_abbrev  0x00001cd0      0x325 ./system/src/STM32_USB-OTG-Device_Driver/usbd_core.o
 .debug_abbrev  0x00001ff5      0x1e2 ./system/src/STM32_USB-OTG-Device_Driver/usbd_ioreq.o
 .debug_abbrev  0x000021d7      0x353 ./system/src/STM32_USB-OTG-Device_Driver/usbd_req.o
 .debug_abbrev  0x0000252a      0x1ab ./src/i2csw.o
 .debug_abbrev  0x000026d5      0x3d2 ./src/main.o
 .debug_abbrev  0x00002aa7      0x1f1 ./src/stm32fxxx_it.o
 .debug_abbrev  0x00002c98      0x23b ./src/usb_bsp.o
 .debug_abbrev  0x00002ed3      0x1c9 ./src/usbd_cdc_vcp.o
 .debug_abbrev  0x0000309c      0x1c7 ./src/usbd_desc.o
 .debug_abbrev  0x00003263       0xe2 ./src/usbd_usr.o

.debug_line     0x00000000     0x93cd
 *(.debug_line)
 .debug_line    0x00000000      0x419 ./system/src/stm32f1-stdperiph/misc.o
 .debug_line    0x00000419      0x516 ./system/src/stm32f1-stdperiph/stm32f10x_exti.o
 .debug_line    0x0000092f      0x8f6 ./system/src/stm32f1-stdperiph/stm32f10x_gpio.o
 .debug_line    0x00001225      0x9da ./system/src/stm32f1-stdperiph/stm32f10x_rcc.o
 .debug_line    0x00001bff      0x898 ./system/src/stm32f1-stdperiph/stm32f10x_spi.o
 .debug_line    0x00002497      0x331 ./system/src/newlib/_exit.o
 .debug_line    0x000027c8      0x39e ./system/src/newlib/_startup.o
 .debug_line    0x00002b66      0x427 ./system/src/newlib/_syscalls.o
 .debug_line    0x00002f8d      0x356 ./system/src/newlib/assert.o
 .debug_line    0x000032e3      0x37c ./system/src/cortexm/_initialize_hardware.o
 .debug_line    0x0000365f      0x665 ./system/src/cortexm/exception_handlers.o
 .debug_line    0x00003cc4      0x3e0 ./system/src/cmsis/system_stm32f10x.o
 .debug_line    0x000040a4      0x121 ./system/src/cmsis/vectors_stm32f10x.o
 .debug_line    0x000041c5      0x8b8 ./system/src/STM32_USB-OTG-Device_Driver/usb_core.o
 .debug_line    0x00004a7d      0x594 ./system/src/STM32_USB-OTG-Device_Driver/usb_dcd.o
 .debug_line    0x00005011      0x602 ./system/src/STM32_USB-OTG-Device_Driver/usb_dcd_int.o
 .debug_line    0x00005613      0x55c ./system/src/STM32_USB-OTG-Device_Driver/usbd_cdc_core.o
 .debug_line    0x00005b6f      0x5bd ./system/src/STM32_USB-OTG-Device_Driver/usbd_core.o
 .debug_line    0x0000612c      0x4bc ./system/src/STM32_USB-OTG-Device_Driver/usbd_ioreq.o
 .debug_line    0x000065e8      0x63a ./system/src/STM32_USB-OTG-Device_Driver/usbd_req.o
 .debug_line    0x00006c22      0x459 ./src/i2csw.o
 .debug_line    0x0000707b      0xbe4 ./src/main.o
 .debug_line    0x00007c5f      0x4f2 ./src/stm32fxxx_it.o
 .debug_line    0x00008151      0x430 ./src/usb_bsp.o
 .debug_line    0x00008581      0x4d7 ./src/usbd_cdc_vcp.o
 .debug_line    0x00008a58      0x4e8 ./src/usbd_desc.o
 .debug_line    0x00008f40      0x48d ./src/usbd_usr.o

.debug_frame    0x00000000     0x1c84
 *(.debug_frame)
 .debug_frame   0x00000000       0x90 ./system/src/stm32f1-stdperiph/misc.o
 .debug_frame   0x00000090       0xc0 ./system/src/stm32f1-stdperiph/stm32f10x_exti.o
 .debug_frame   0x00000150      0x1e8 ./system/src/stm32f1-stdperiph/stm32f10x_gpio.o
 .debug_frame   0x00000338      0x400 ./system/src/stm32f1-stdperiph/stm32f10x_rcc.o
 .debug_frame   0x00000738      0x278 ./system/src/stm32f1-stdperiph/stm32f10x_spi.o
 .debug_frame   0x000009b0       0x38 ./system/src/newlib/_exit.o
 .debug_frame   0x000009e8       0x7c ./system/src/newlib/_startup.o
 .debug_frame   0x00000a64       0x50 ./system/src/newlib/_syscalls.o
 .debug_frame   0x00000ab4       0x40 ./system/src/newlib/assert.o
 .debug_frame   0x00000af4       0x40 ./system/src/cortexm/_initialize_hardware.o
 .debug_frame   0x00000b34       0xe8 ./system/src/cortexm/exception_handlers.o
 .debug_frame   0x00000c1c       0x74 ./system/src/cmsis/system_stm32f10x.o
 .debug_frame   0x00000c90       0x20 ./system/src/cmsis/vectors_stm32f10x.o
 .debug_frame   0x00000cb0      0x338 ./system/src/STM32_USB-OTG-Device_Driver/usb_core.o
 .debug_frame   0x00000fe8      0x154 ./system/src/STM32_USB-OTG-Device_Driver/usb_dcd.o
 .debug_frame   0x0000113c      0x188 ./system/src/STM32_USB-OTG-Device_Driver/usb_dcd_int.o
 .debug_frame   0x000012c4       0xf4 ./system/src/STM32_USB-OTG-Device_Driver/usbd_cdc_core.o
 .debug_frame   0x000013b8      0x160 ./system/src/STM32_USB-OTG-Device_Driver/usbd_core.o
 .debug_frame   0x00001518       0xb8 ./system/src/STM32_USB-OTG-Device_Driver/usbd_ioreq.o
 .debug_frame   0x000015d0      0x170 ./system/src/STM32_USB-OTG-Device_Driver/usbd_req.o
 .debug_frame   0x00001740       0xf0 ./src/i2csw.o
 .debug_frame   0x00001830      0x114 ./src/main.o
 .debug_frame   0x00001944       0xc0 ./src/stm32fxxx_it.o
 .debug_frame   0x00001a04       0x6c ./src/usb_bsp.o
 .debug_frame   0x00001a70       0x94 ./src/usbd_cdc_vcp.o
 .debug_frame   0x00001b04       0xe0 ./src/usbd_desc.o
 .debug_frame   0x00001be4       0x80 ./src/usbd_usr.o
 .debug_frame   0x00001c64       0x20 d:/lime/projects/lms8001/pcb/mcu/stm/stm32toolchain/gnu-arm/4_9-2015q3/4.9 2015q3/bin/../lib/gcc/arm-none-eabi/4.9.3/../../../../arm-none-eabi/lib/armv7-m\libg_nano.a(lib_a-memset.o)

.debug_str      0x00000000    0x5e9ce
 *(.debug_str)
 .debug_str     0x00000000    0x51d7b ./system/src/stm32f1-stdperiph/misc.o
                              0x51ef7 (size before relaxing)
 .debug_str     0x00051d7b      0x1f6 ./system/src/stm32f1-stdperiph/stm32f10x_exti.o
                              0x51e95 (size before relaxing)
 .debug_str     0x00051f71      0x5ca ./system/src/stm32f1-stdperiph/stm32f10x_gpio.o
                              0x52275 (size before relaxing)
 .debug_str     0x0005253b      0xe46 ./system/src/stm32f1-stdperiph/stm32f10x_rcc.o
                              0x52c01 (size before relaxing)
 .debug_str     0x00053381      0x5ea ./system/src/stm32f1-stdperiph/stm32f10x_spi.o
                              0x523eb (size before relaxing)
 .debug_str     0x0005396b     0x3986 ./system/src/newlib/_exit.o
                               0x5fee (size before relaxing)
 .debug_str     0x000572f1      0x26b ./system/src/newlib/_startup.o
                               0x4fd7 (size before relaxing)
 .debug_str     0x0005755c     0x1620 ./system/src/newlib/_syscalls.o
                               0x65f2 (size before relaxing)
 .debug_str     0x00058b7c       0xe6 ./system/src/newlib/assert.o
                               0x6afe (size before relaxing)
 .debug_str     0x00058c62       0x67 ./system/src/cortexm/_initialize_hardware.o
                              0x51ce0 (size before relaxing)
 .debug_str     0x00058cc9      0x1c8 ./system/src/cortexm/exception_handlers.o
                              0x5579f (size before relaxing)
 .debug_str     0x00058e91       0xa6 ./system/src/cmsis/system_stm32f10x.o
                              0x51e4a (size before relaxing)
 .debug_str     0x00058f37       0x57 ./system/src/cmsis/vectors_stm32f10x.o
                               0x304d (size before relaxing)
 .debug_str     0x00058f8e     0x1e41 ./system/src/STM32_USB-OTG-Device_Driver/usb_core.o
                              0x53d92 (size before relaxing)
 .debug_str     0x0005adcf      0x1c8 ./system/src/STM32_USB-OTG-Device_Driver/usb_dcd.o
                              0x5346a (size before relaxing)
 .debug_str     0x0005af97      0x464 ./system/src/STM32_USB-OTG-Device_Driver/usb_dcd_int.o
                              0x53d1e (size before relaxing)
 .debug_str     0x0005b3fb      0xbbc ./system/src/STM32_USB-OTG-Device_Driver/usbd_cdc_core.o
                              0x53c86 (size before relaxing)
 .debug_str     0x0005bfb7      0x1e3 ./system/src/STM32_USB-OTG-Device_Driver/usbd_core.o
                              0x53bb3 (size before relaxing)
 .debug_str     0x0005c19a       0x47 ./system/src/STM32_USB-OTG-Device_Driver/usbd_ioreq.o
                              0x537f3 (size before relaxing)
 .debug_str     0x0005c1e1      0x10e ./system/src/STM32_USB-OTG-Device_Driver/usbd_req.o
                              0x53a8e (size before relaxing)
 .debug_str     0x0005c2ef     0x1102 ./src/i2csw.o
                              0x52ecf (size before relaxing)
 .debug_str     0x0005d3f1     0x1095 ./src/main.o
                              0x59777 (size before relaxing)
 .debug_str     0x0005e486       0x51 ./src/stm32fxxx_it.o
                              0x53a98 (size before relaxing)
 .debug_str     0x0005e4d7       0x34 ./src/usb_bsp.o
                              0x535dd (size before relaxing)
 .debug_str     0x0005e50b       0xf8 ./src/usbd_cdc_vcp.o
                              0x53522 (size before relaxing)
 .debug_str     0x0005e603      0x317 ./src/usbd_desc.o
                              0x5346d (size before relaxing)
 .debug_str     0x0005e91a       0xb4 ./src/usbd_usr.o
                              0x5309f (size before relaxing)

.debug_loc      0x00000000     0x657e
 *(.debug_loc)
 .debug_loc     0x00000000      0x1cc ./system/src/stm32f1-stdperiph/misc.o
 .debug_loc     0x000001cc      0x1c6 ./system/src/stm32f1-stdperiph/stm32f10x_exti.o
 .debug_loc     0x00000392      0x773 ./system/src/stm32f1-stdperiph/stm32f10x_gpio.o
 .debug_loc     0x00000b05      0xd0c ./system/src/stm32f1-stdperiph/stm32f10x_rcc.o
 .debug_loc     0x00001811      0x9d3 ./system/src/stm32f1-stdperiph/stm32f10x_spi.o
 .debug_loc     0x000021e4      0x265 ./system/src/newlib/_startup.o
 .debug_loc     0x00002449       0x63 ./system/src/newlib/_syscalls.o
 .debug_loc     0x000024ac       0xc6 ./system/src/newlib/assert.o
 .debug_loc     0x00002572      0x1a6 ./system/src/cmsis/system_stm32f10x.o
 .debug_loc     0x00002718     0x1035 ./system/src/STM32_USB-OTG-Device_Driver/usb_core.o
 .debug_loc     0x0000374d      0x6df ./system/src/STM32_USB-OTG-Device_Driver/usb_dcd.o
 .debug_loc     0x00003e2c      0x778 ./system/src/STM32_USB-OTG-Device_Driver/usb_dcd_int.o
 .debug_loc     0x000045a4      0x457 ./system/src/STM32_USB-OTG-Device_Driver/usbd_cdc_core.o
 .debug_loc     0x000049fb      0x408 ./system/src/STM32_USB-OTG-Device_Driver/usbd_core.o
 .debug_loc     0x00004e03      0x1f8 ./system/src/STM32_USB-OTG-Device_Driver/usbd_ioreq.o
 .debug_loc     0x00004ffb      0xb80 ./system/src/STM32_USB-OTG-Device_Driver/usbd_req.o
 .debug_loc     0x00005b7b      0x2e1 ./src/i2csw.o
 .debug_loc     0x00005e5c      0x2fd ./src/main.o
 .debug_loc     0x00006159       0xa3 ./src/usb_bsp.o
 .debug_loc     0x000061fc      0x117 ./src/usbd_cdc_vcp.o
 .debug_loc     0x00006313      0x26b ./src/usbd_desc.o

.debug_macinfo
 *(.debug_macinfo)

.debug_weaknames
 *(.debug_weaknames)

.debug_funcnames
 *(.debug_funcnames)

.debug_typenames
 *(.debug_typenames)

.debug_varnames
 *(.debug_varnames)
OUTPUT(lms8001_evb_fw.elf elf32-littlearm)

.debug_ranges   0x00000000      0x9d0
 .debug_ranges  0x00000000       0x30 ./system/src/stm32f1-stdperiph/misc.o
 .debug_ranges  0x00000030       0x48 ./system/src/stm32f1-stdperiph/stm32f10x_exti.o
 .debug_ranges  0x00000078       0x98 ./system/src/stm32f1-stdperiph/stm32f10x_gpio.o
 .debug_ranges  0x00000110      0x150 ./system/src/stm32f1-stdperiph/stm32f10x_rcc.o
 .debug_ranges  0x00000260       0xc0 ./system/src/stm32f1-stdperiph/stm32f10x_spi.o
 .debug_ranges  0x00000320       0x18 ./system/src/newlib/_exit.o
 .debug_ranges  0x00000338       0x48 ./system/src/newlib/_startup.o
 .debug_ranges  0x00000380       0x20 ./system/src/newlib/_syscalls.o
 .debug_ranges  0x000003a0       0x18 ./system/src/newlib/assert.o
 .debug_ranges  0x000003b8       0x18 ./system/src/cortexm/_initialize_hardware.o
 .debug_ranges  0x000003d0       0x70 ./system/src/cortexm/exception_handlers.o
 .debug_ranges  0x00000440       0x28 ./system/src/cmsis/system_stm32f10x.o
 .debug_ranges  0x00000468       0x10 ./system/src/cmsis/vectors_stm32f10x.o
 .debug_ranges  0x00000478      0x128 ./system/src/STM32_USB-OTG-Device_Driver/usb_core.o
 .debug_ranges  0x000005a0       0x70 ./system/src/STM32_USB-OTG-Device_Driver/usb_dcd.o
 .debug_ranges  0x00000610       0x70 ./system/src/STM32_USB-OTG-Device_Driver/usb_dcd_int.o
 .debug_ranges  0x00000680       0x50 ./system/src/STM32_USB-OTG-Device_Driver/usbd_cdc_core.o
 .debug_ranges  0x000006d0       0x78 ./system/src/STM32_USB-OTG-Device_Driver/usbd_core.o
 .debug_ranges  0x00000748       0x40 ./system/src/STM32_USB-OTG-Device_Driver/usbd_ioreq.o
 .debug_ranges  0x00000788       0x78 ./system/src/STM32_USB-OTG-Device_Driver/usbd_req.o
 .debug_ranges  0x00000800       0x40 ./src/i2csw.o
 .debug_ranges  0x00000840       0x50 ./src/main.o
 .debug_ranges  0x00000890       0x58 ./src/stm32fxxx_it.o
 .debug_ranges  0x000008e8       0x28 ./src/usb_bsp.o
 .debug_ranges  0x00000910       0x30 ./src/usbd_cdc_vcp.o
 .debug_ranges  0x00000940       0x50 ./src/usbd_desc.o
 .debug_ranges  0x00000990       0x40 ./src/usbd_usr.o

.debug_macro    0x00000000    0x12342
 .debug_macro   0x00000000      0x15f ./system/src/stm32f1-stdperiph/misc.o
 .debug_macro   0x0000015f      0x88c ./system/src/stm32f1-stdperiph/misc.o
 .debug_macro   0x000009eb       0x57 ./system/src/stm32f1-stdperiph/misc.o
 .debug_macro   0x00000a42       0x34 ./system/src/stm32f1-stdperiph/misc.o
 .debug_macro   0x00000a76      0x34e ./system/src/stm32f1-stdperiph/misc.o
 .debug_macro   0x00000dc4       0x18 ./system/src/stm32f1-stdperiph/misc.o
 .debug_macro   0x00000ddc      0x663 ./system/src/stm32f1-stdperiph/misc.o
 .debug_macro   0x0000143f     0x8948 ./system/src/stm32f1-stdperiph/misc.o
 .debug_macro   0x00009d87      0x2e4 ./system/src/stm32f1-stdperiph/misc.o
 .debug_macro   0x0000a06b      0x14a ./system/src/stm32f1-stdperiph/misc.o
 .debug_macro   0x0000a1b5      0x3cf ./system/src/stm32f1-stdperiph/misc.o
 .debug_macro   0x0000a584       0xc8 ./system/src/stm32f1-stdperiph/misc.o
 .debug_macro   0x0000a64c      0x17b ./system/src/stm32f1-stdperiph/misc.o
 .debug_macro   0x0000a7c7       0xac ./system/src/stm32f1-stdperiph/misc.o
 .debug_macro   0x0000a873      0x3b0 ./system/src/stm32f1-stdperiph/misc.o
 .debug_macro   0x0000ac23       0x9d ./system/src/stm32f1-stdperiph/misc.o
 .debug_macro   0x0000acc0      0x2d5 ./system/src/stm32f1-stdperiph/misc.o
 .debug_macro   0x0000af95      0x279 ./system/src/stm32f1-stdperiph/misc.o
 .debug_macro   0x0000b20e      0x2ad ./system/src/stm32f1-stdperiph/misc.o
 .debug_macro   0x0000b4bb      0x2b4 ./system/src/stm32f1-stdperiph/misc.o
 .debug_macro   0x0000b76f       0x64 ./system/src/stm32f1-stdperiph/misc.o
 .debug_macro   0x0000b7d3       0x82 ./system/src/stm32f1-stdperiph/misc.o
 .debug_macro   0x0000b855      0x5ba ./system/src/stm32f1-stdperiph/misc.o
 .debug_macro   0x0000be0f       0x58 ./system/src/stm32f1-stdperiph/misc.o
 .debug_macro   0x0000be67      0x344 ./system/src/stm32f1-stdperiph/misc.o
 .debug_macro   0x0000c1ab      0x2c4 ./system/src/stm32f1-stdperiph/misc.o
 .debug_macro   0x0000c46f      0x711 ./system/src/stm32f1-stdperiph/misc.o
 .debug_macro   0x0000cb80      0x229 ./system/src/stm32f1-stdperiph/misc.o
 .debug_macro   0x0000cda9       0x34 ./system/src/stm32f1-stdperiph/misc.o
 .debug_macro   0x0000cddd       0x35 ./system/src/stm32f1-stdperiph/misc.o
 .debug_macro   0x0000ce12       0x86 ./system/src/stm32f1-stdperiph/misc.o
 .debug_macro   0x0000ce98      0x15f ./system/src/stm32f1-stdperiph/stm32f10x_exti.o
 .debug_macro   0x0000cff7       0x97 ./system/src/stm32f1-stdperiph/stm32f10x_exti.o
 .debug_macro   0x0000d08e      0x1a7 ./system/src/stm32f1-stdperiph/stm32f10x_gpio.o
 .debug_macro   0x0000d235      0x2a7 ./system/src/stm32f1-stdperiph/stm32f10x_gpio.o
 .debug_macro   0x0000d4dc      0x2d2 ./system/src/stm32f1-stdperiph/stm32f10x_rcc.o
 .debug_macro   0x0000d7ae      0x5b4 ./system/src/stm32f1-stdperiph/stm32f10x_rcc.o
 .debug_macro   0x0000dd62      0x1bf ./system/src/stm32f1-stdperiph/stm32f10x_spi.o
 .debug_macro   0x0000df21      0x2be ./system/src/stm32f1-stdperiph/stm32f10x_spi.o
 .debug_macro   0x0000e1df      0x131 ./system/src/newlib/_exit.o
 .debug_macro   0x0000e310       0x9c ./system/src/newlib/_exit.o
 .debug_macro   0x0000e3ac      0x10e ./system/src/newlib/_exit.o
 .debug_macro   0x0000e4ba       0x86 ./system/src/newlib/_exit.o
 .debug_macro   0x0000e540       0x43 ./system/src/newlib/_exit.o
 .debug_macro   0x0000e583      0x27a ./system/src/newlib/_exit.o
 .debug_macro   0x0000e7fd       0x35 ./system/src/newlib/_exit.o
 .debug_macro   0x0000e832       0xf7 ./system/src/newlib/_startup.o
 .debug_macro   0x0000e929      0x1ad ./system/src/newlib/_syscalls.o
 .debug_macro   0x0000ead6       0x1c ./system/src/newlib/_syscalls.o
 .debug_macro   0x0000eaf2       0x10 ./system/src/newlib/_syscalls.o
 .debug_macro   0x0000eb02       0x10 ./system/src/newlib/_syscalls.o
 .debug_macro   0x0000eb12       0x10 ./system/src/newlib/_syscalls.o
 .debug_macro   0x0000eb22       0x10 ./system/src/newlib/_syscalls.o
 .debug_macro   0x0000eb32       0x35 ./system/src/newlib/_syscalls.o
 .debug_macro   0x0000eb67      0x122 ./system/src/newlib/_syscalls.o
 .debug_macro   0x0000ec89       0x2e ./system/src/newlib/_syscalls.o
 .debug_macro   0x0000ecb7       0x82 ./system/src/newlib/_syscalls.o
 .debug_macro   0x0000ed39       0x2b ./system/src/newlib/_syscalls.o
 .debug_macro   0x0000ed64      0x118 ./system/src/newlib/_syscalls.o
 .debug_macro   0x0000ee7c      0x159 ./system/src/newlib/_syscalls.o
 .debug_macro   0x0000efd5       0x16 ./system/src/newlib/_syscalls.o
 .debug_macro   0x0000efeb      0x14d ./system/src/newlib/assert.o
 .debug_macro   0x0000f138       0x1c ./system/src/newlib/assert.o
 .debug_macro   0x0000f154      0x159 ./system/src/cortexm/_initialize_hardware.o
 .debug_macro   0x0000f2ad      0x288 ./system/src/cortexm/exception_handlers.o
 .debug_macro   0x0000f535       0x22 ./system/src/cortexm/exception_handlers.o
 .debug_macro   0x0000f557       0x10 ./system/src/cortexm/exception_handlers.o
 .debug_macro   0x0000f567       0xc8 ./system/src/cortexm/exception_handlers.o
 .debug_macro   0x0000f62f       0x19 ./system/src/cortexm/exception_handlers.o
 .debug_macro   0x0000f648       0xbe ./system/src/cortexm/exception_handlers.o
 .debug_macro   0x0000f706       0x10 ./system/src/cortexm/exception_handlers.o
 .debug_macro   0x0000f716      0x15b ./system/src/cmsis/system_stm32f10x.o
 .debug_macro   0x0000f871       0x34 ./system/src/cmsis/vectors_stm32f10x.o
 .debug_macro   0x0000f8a5      0x18d ./system/src/STM32_USB-OTG-Device_Driver/usb_core.o
 .debug_macro   0x0000fa32       0x49 ./system/src/STM32_USB-OTG-Device_Driver/usb_core.o
 .debug_macro   0x0000fa7b       0x76 ./system/src/STM32_USB-OTG-Device_Driver/usb_core.o
 .debug_macro   0x0000faf1      0x20f ./system/src/STM32_USB-OTG-Device_Driver/usb_core.o
 .debug_macro   0x0000fd00       0x64 ./system/src/STM32_USB-OTG-Device_Driver/usb_core.o
 .debug_macro   0x0000fd64      0x198 ./system/src/STM32_USB-OTG-Device_Driver/usb_dcd.o
 .debug_macro   0x0000fefc       0x3a ./system/src/STM32_USB-OTG-Device_Driver/usb_dcd.o
 .debug_macro   0x0000ff36      0x1a7 ./system/src/STM32_USB-OTG-Device_Driver/usb_dcd_int.o
 .debug_macro   0x000100dd       0x10 ./system/src/STM32_USB-OTG-Device_Driver/usb_dcd_int.o
 .debug_macro   0x000100ed      0x1f4 ./system/src/STM32_USB-OTG-Device_Driver/usbd_cdc_core.o
 .debug_macro   0x000102e1       0x4c ./system/src/STM32_USB-OTG-Device_Driver/usbd_cdc_core.o
 .debug_macro   0x0001032d      0x11e ./system/src/STM32_USB-OTG-Device_Driver/usbd_cdc_core.o
 .debug_macro   0x0001044b       0x8e ./system/src/STM32_USB-OTG-Device_Driver/usbd_cdc_core.o
 .debug_macro   0x000104d9       0x2e ./system/src/STM32_USB-OTG-Device_Driver/usbd_cdc_core.o
 .debug_macro   0x00010507      0x1e9 ./system/src/STM32_USB-OTG-Device_Driver/usbd_core.o
 .debug_macro   0x000106f0       0x16 ./system/src/STM32_USB-OTG-Device_Driver/usbd_core.o
 .debug_macro   0x00010706      0x1c8 ./system/src/STM32_USB-OTG-Device_Driver/usbd_ioreq.o
 .debug_macro   0x000108ce      0x1e5 ./system/src/STM32_USB-OTG-Device_Driver/usbd_req.o
 .debug_macro   0x00010ab3      0x1b6 ./src/i2csw.o
 .debug_macro   0x00010c69       0x22 ./src/i2csw.o
 .debug_macro   0x00010c8b      0x14b ./src/i2csw.o
 .debug_macro   0x00010dd6      0x26d ./src/i2csw.o
 .debug_macro   0x00011043      0x416 ./src/main.o
 .debug_macro   0x00011459       0x16 ./src/main.o
 .debug_macro   0x0001146f       0x97 ./src/main.o
 .debug_macro   0x00011506       0xf6 ./src/main.o
 .debug_macro   0x000115fc       0x10 ./src/main.o
 .debug_macro   0x0001160c       0x16 ./src/main.o
 .debug_macro   0x00011622      0x197 ./src/main.o
 .debug_macro   0x000117b9       0x16 ./src/main.o
 .debug_macro   0x000117cf       0x4f ./src/main.o
 .debug_macro   0x0001181e      0x118 ./src/main.o
 .debug_macro   0x00011936       0x16 ./src/main.o
 .debug_macro   0x0001194c       0x28 ./src/main.o
 .debug_macro   0x00011974      0x1e3 ./src/stm32fxxx_it.o
 .debug_macro   0x00011b57       0x52 ./src/stm32fxxx_it.o
 .debug_macro   0x00011ba9      0x19c ./src/usb_bsp.o
 .debug_macro   0x00011d45      0x1ee ./src/usbd_cdc_vcp.o
 .debug_macro   0x00011f33      0x23d ./src/usbd_desc.o
 .debug_macro   0x00012170      0x1d2 ./src/usbd_usr.o
